Archive member included because of file (symbol)

c:/pspsdk/bin/../lib/gcc/psp/4.3.5/../../../../psp/lib\libosl.a(oslib.o)
                              psp/SMS.o (osl_currentFrameRate)
c:/pspsdk/bin/../lib/gcc/psp/4.3.5/../../../../psp/lib\libosl.a(drawing.o)
                              gbcore/lcd.o (oslConvertColor)
c:/pspsdk/bin/../lib/gcc/psp/4.3.5/../../../../psp/lib\libosl.a(image.o)
                              psp/main.o (osl_autoSwizzleImages)
c:/pspsdk/bin/../lib/gcc/psp/4.3.5/../../../../psp/lib\libosl.a(palette.o)
                              c:/pspsdk/bin/../lib/gcc/psp/4.3.5/../../../../psp/lib\libosl.a(drawing.o) (oslGetPaletteColor)
c:/pspsdk/bin/../lib/gcc/psp/4.3.5/../../../../psp/lib\libosl.a(shape.o)
                              psp/VideoGu.o (oslBlendColors)
c:/pspsdk/bin/../lib/gcc/psp/4.3.5/../../../../psp/lib\libosl.a(messagebox.o)
                              psp/SMS.o (oslMessageBox)
c:/pspsdk/bin/../lib/gcc/psp/4.3.5/../../../../psp/lib\libosl.a(keys.o)
                              psp/menuplus.o (oslReadKeys)
c:/pspsdk/bin/../lib/gcc/psp/4.3.5/../../../../psp/lib\libosl.a(vfpu.o)
                              psp/menuplus.o (oslCos)
c:/pspsdk/bin/../lib/gcc/psp/4.3.5/../../../../psp/lib\libosl.a(text.o)
                              psp/VideoGu.o (oslSetTextColor)
c:/pspsdk/bin/../lib/gcc/psp/4.3.5/../../../../psp/lib\libosl.a(vram_mgr.o)
                              c:/pspsdk/bin/../lib/gcc/psp/4.3.5/../../../../psp/lib\libosl.a(drawing.o) (oslVramMgrSetParameters)
c:/pspsdk/bin/../lib/gcc/psp/4.3.5/../../../../psp/lib\libosl.a(stub.o)
                              c:/pspsdk/bin/../lib/gcc/psp/4.3.5/../../../../psp/lib\libosl.a(image.o) (sceDmacMemcpy)
c:/pspsdk/bin/../lib/gcc/psp/4.3.5/../../../../psp/lib\libosl.a(audio.o)
                              c:/pspsdk/bin/../lib/gcc/psp/4.3.5/../../../../psp/lib\libosl.a(oslib.o) (oslAudioVSync)
c:/pspsdk/bin/../lib/gcc/psp/4.3.5/../../../../psp/lib\libosl.a(bgm.o)
                              c:/pspsdk/bin/../lib/gcc/psp/4.3.5/../../../../psp/lib\libosl.a(audio.o) (oslLoadSoundFileBGM)
c:/pspsdk/bin/../lib/gcc/psp/4.3.5/../../../../psp/lib\libosl.a(usb.o)
                              psp/menuplus.o (oslStopUsbStorage)
c:/pspsdk/bin/../lib/gcc/psp/4.3.5/../../../../psp/lib\libosl.a(VirtualFile.o)
                              psp/VirtualGz.o (VirtualFileRegisterSource)
c:/pspsdk/bin/../lib/gcc/psp/4.3.5/../../../../psp/lib\libosl.a(vfsFile.o)
                              c:/pspsdk/bin/../lib/gcc/psp/4.3.5/../../../../psp/lib\libosl.a(VirtualFile.o) (oslInitVfsFile)
c:/pspsdk/bin/../lib/gcc/psp/4.3.5/../../../../psp/lib\libosl.a(oslDrawImage.o)
                              psp/menuplus.o (oslDrawImage)
c:/pspsdk/bin/../lib/gcc/psp/4.3.5/../../../../psp/lib\libosl.a(oslDrawImageSimple.o)
                              psp/menuplus.o (oslDrawImageSimple)
c:/pspsdk/bin/../lib/gcc/psp/4.3.5/../../../../psp/lib\libosl.a(oslLockImage.o)
                              psp/menuplus.o (oslUnlockImage)
c:/pspsdk/bin/../lib/gcc/psp/4.3.5/../../../../psp/lib\libosl.a(oslSwizzleImage.o)
                              psp/menuplus.o (oslSwizzleImage)
c:/pspsdk/bin/../lib/gcc/psp/4.3.5/../../../../psp/lib\libosl.a(oslSetDrawBuffer.o)
                              psp/menuplus.o (oslSetDrawBuffer)
c:/pspsdk/bin/../lib/gcc/psp/4.3.5/../../../../psp/lib\libosl.a(oslWriteImageFilePNG.o)
                              psp/menuplus.o (oslWriteImageFilePNG)
c:/pspsdk/bin/../lib/gcc/psp/4.3.5/../../../../psp/lib\libosl.a(oslLoadImageFile.o)
                              psp/menuplus.o (oslLoadImageFile)
c:/pspsdk/bin/../lib/gcc/psp/4.3.5/../../../../psp/lib\libosl.a(intraFont.o)
                              c:/pspsdk/bin/../lib/gcc/psp/4.3.5/../../../../psp/lib\libosl.a(text.o) (intraFontInit)
c:/pspsdk/bin/../lib/gcc/psp/4.3.5/../../../../psp/lib\libosl.a(libccc.o)
                              c:/pspsdk/bin/../lib/gcc/psp/4.3.5/../../../../psp/lib\libosl.a(intraFont.o) (cccStrlenUCS2)
c:/pspsdk/bin/../lib/gcc/psp/4.3.5/../../../../psp/lib\libosl.a(oslHandleLoadNoFailError.o)
                              c:/pspsdk/bin/../lib/gcc/psp/4.3.5/../../../../psp/lib\libosl.a(text.o) (oslHandleLoadNoFailError)
c:/pspsdk/bin/../lib/gcc/psp/4.3.5/../../../../psp/lib\libosl.a(oslLoadImageFilePNG.o)
                              c:/pspsdk/bin/../lib/gcc/psp/4.3.5/../../../../psp/lib\libosl.a(oslWriteImageFilePNG.o) (oslPngFlushFn)
c:/pspsdk/bin/../lib/gcc/psp/4.3.5/../../../../psp/lib\libosl.a(oslLoadImageFileJPG.o)
                              c:/pspsdk/bin/../lib/gcc/psp/4.3.5/../../../../psp/lib\libosl.a(oslLoadImageFile.o) (oslLoadImageFileJPG)
c:/pspsdk/bin/../lib/gcc/psp/4.3.5/../../../../psp/lib\libosl.a(oslLoadImageFileGIF.o)
                              c:/pspsdk/bin/../lib/gcc/psp/4.3.5/../../../../psp/lib\libosl.a(oslLoadImageFile.o) (oslLoadImageFileGIF)
[...]
Memory Configuration

Name             Origin             Length             Attributes
*default*        0x0000000000000000 0xffffffffffffffff

Linker script and memory map

LOAD c:/pspsdk/bin/../lib/gcc/psp/4.3.5/../../../../psp/lib/crt0.o
LOAD c:/pspsdk/bin/../lib/gcc/psp/4.3.5/crti.o
LOAD c:/pspsdk/bin/../lib/gcc/psp/4.3.5/crtbegin.o
LOAD gbcore/apu.o
LOAD gbcore/cheat.o
LOAD gbcore/cpu.o
LOAD gbcore/gb.o
LOAD gbcore/lcd.o
LOAD gbcore/mbc.o
LOAD gbcore/rom.o
LOAD gbcore/sgb.o
LOAD cpu/z80.o
LOAD memz80.o
LOAD pio.o
LOAD vdp.o
LOAD render.o
LOAD sms.o
LOAD system.o
LOAD sound/sound.o
LOAD sound/sn76489.o
LOAD sound/emu2413.o
LOAD sound/ym2413.o
LOAD sound/fmintf.o
LOAD sound/stream.o
LOAD psp/gameboy_render.o
LOAD psp/VideoGu.o
LOAD psp/Controls.o
LOAD psp/PspSound.o
LOAD psp/SMS.o
LOAD psp/main.o
LOAD psp/menuplus.o
LOAD psp/menuplus2.o
LOAD psp/config.o
LOAD psp/usb.o
LOAD psp/sound.o
LOAD fileio.o
LOAD state.o
LOAD loadrom.o
LOAD unzip/ioapi.o
LOAD unzip/unzip.o
LOAD psp/gym/gym.o
LOAD psp/gym/gym_play.o
LOAD psp/gym/psg.o
LOAD psp/gym/ym2612.o
LOAD psp/gym/bzlib/blocksort.o
LOAD psp/gym/bzlib/bzlib.o
LOAD psp/gym/bzlib/compress.o
LOAD psp/gym/bzlib/crctable.o
LOAD psp/gym/bzlib/decompress.o
LOAD psp/gym/bzlib/huffman.o
LOAD psp/gym/bzlib/randtable.o
LOAD psp/vgm/mame_fm.o
LOAD psp/vgm/emu2413.o
LOAD psp/vgm/sn76489.o
LOAD psp/vgm/mame_ym2151.o
LOAD psp/vgm/In_vgm.o
LOAD psp/gz.o
LOAD psp/VirtualGz.o
LOAD psp/deflate.o
LOAD psp/gzio.o
LOAD error.o
LOAD c:/pspsdk/bin/../lib/gcc/psp/4.3.5/../../../../psp/lib\libosl.a
LOAD c:/pspsdk/bin/../lib/gcc/psp/4.3.5/../../../../psp/lib\libpng.a
LOAD c:/pspsdk/bin/../lib/gcc/psp/4.3.5/../../../../psp/lib\libz.a
LOAD c:/pspsdk/bin/../lib/gcc/psp/4.3.5/../../../../psp/lib\libjpeg.a
LOAD c:/pspsdk/psp/sdk/lib\libpspsdk.a
LOAD c:/pspsdk/psp/sdk/lib\libpsphprm.a
LOAD c:/pspsdk/psp/sdk/lib\libpspctrl.a
LOAD c:/pspsdk/psp/sdk/lib\libpspumd.a
LOAD c:/pspsdk/psp/sdk/lib\libpsprtc.a
LOAD c:/pspsdk/psp/sdk/lib\libpsppower.a
LOAD c:/pspsdk/psp/sdk/lib\libpspusb.a
LOAD c:/pspsdk/psp/sdk/lib\libpspusbstor.a
LOAD c:/pspsdk/psp/sdk/lib\libpspgu.a
LOAD c:/pspsdk/psp/sdk/lib\libpspaudiolib.a
LOAD c:/pspsdk/psp/sdk/lib\libpspaudio.a
LOAD c:/pspsdk/bin/../lib/gcc/psp/4.3.5/../../../../psp/lib\libstdc++.a
LOAD c:/pspsdk/bin/../lib/gcc/psp/4.3.5/../../../../psp/lib\libm.a
LOAD c:/pspsdk/psp/sdk/lib\libpspdebug.a
LOAD c:/pspsdk/psp/sdk/lib\libpspdisplay.a
LOAD c:/pspsdk/psp/sdk/lib\libpspge.a
LOAD c:/pspsdk/psp/sdk/lib\libpspctrl.a
LOAD c:/pspsdk/psp/sdk/lib\libpspsdk.a
LOAD c:/pspsdk/bin/../lib/gcc/psp/4.3.5/../../../../psp/lib\libc.a
LOAD c:/pspsdk/psp/sdk/lib\libpspnet.a
LOAD c:/pspsdk/psp/sdk/lib\libpspnet_inet.a
LOAD c:/pspsdk/psp/sdk/lib\libpspnet_apctl.a
LOAD c:/pspsdk/psp/sdk/lib\libpspnet_resolver.a
LOAD c:/pspsdk/psp/sdk/lib\libpsputility.a
LOAD c:/pspsdk/psp/sdk/lib\libpspuser.a
LOAD c:/pspsdk/psp/sdk/lib\libpspkernel.a
LOAD c:/pspsdk/bin/../lib/gcc/psp/4.3.5\libgcc.a
LOAD c:/pspsdk/bin/../lib/gcc/psp/4.3.5\libgcc.a
LOAD c:/pspsdk/bin/../lib/gcc/psp/4.3.5/crtend.o
LOAD c:/pspsdk/bin/../lib/gcc/psp/4.3.5/crtn.o
                0x0000000008900000                PROVIDE (__executable_start, 0x8900000)
                0x0000000008900000                . = 0x8900000

.interp
 *(.interp)

.reginfo        0x0000000008900000       0x18
 *(.reginfo)
 .reginfo       0x0000000008900000       0x18 c:/pspsdk/bin/../lib/gcc/psp/4.3.5/../../../../psp/lib/crt0.o

.dynamic
 *(.dynamic)

.hash
 *(.hash)

.dynsym
 *(.dynsym)

.dynstr
 *(.dynstr)

.gnu.version
 *(.gnu.version)

.gnu.version_d
 *(.gnu.version_d)

.gnu.version_r
 *(.gnu.version_r)

.rel.dyn

.rel.init
 *(.rel.init)

.rela.init
 *(.rela.init)

.rel.text
 *(.rel.text .rel.text.* .rel.gnu.linkonce.t.*)

.rela.text
 *(.rela.text .rela.text.* .rela.gnu.linkonce.t.*)

.rel.fini
 *(.rel.fini)

.rela.fini
 *(.rela.fini)

.rel.sceStub.text
 *(.rel.sceStub.text)
 *(SORT(.rel.sceStub.text.*))

.rel.lib.ent.top
 *(.rel.lib.ent.top)

.rel.lib.ent
 *(.rel.lib.ent)

.rel.lib.ent.btm
 *(.rel.lib.ent.btm)

.rel.lib.stub.top
 *(.rel.lib.stub.top)

.rel.lib.stub
 *(.rel.lib.stub)

.rel.lib.stub.btm
 *(.rel.lib.stub.btm)

.rel.rodata.sceModuleInfo
 *(.rel.rodata.sceModuleInfo)

.rel.rodata.sceResident
 *(.rel.rodata.sceResident)

.rel.rodata.sceNid
 *(.rel.rodata.sceNid)

.rel.rodata.sceVstub
 *(.rel.rodata.sceVstub)
 *(SORT(.rel.rodata.sceVstub.*))

.rel.rodata
 *(.rel.rodata .rel.rodata.* .rel.gnu.linkonce.r.*)

.rela.rodata
 *(.rela.rodata .rela.rodata.* .rela.gnu.linkonce.r.*)

.rel.data.rel.ro
 *(.rel.data.rel.ro*)

.rela.data.rel.ro
 *(.rel.data.rel.ro*)

.rel.data
 *(.rel.data .rel.data.* .rel.gnu.linkonce.d.*)

.rela.data
 *(.rela.data .rela.data.* .rela.gnu.linkonce.d.*)

.rel.tdata
 *(.rel.tdata .rel.tdata.* .rel.gnu.linkonce.td.*)

.rela.tdata
 *(.rela.tdata .rela.tdata.* .rela.gnu.linkonce.td.*)

.rel.tbss
 *(.rel.tbss .rel.tbss.* .rel.gnu.linkonce.tb.*)

.rela.tbss
 *(.rela.tbss .rela.tbss.* .rela.gnu.linkonce.tb.*)

.rel.ctors
 *(.rel.ctors)

.rela.ctors
 *(.rela.ctors)

.rel.dtors
 *(.rel.dtors)

.rela.dtors
 *(.rela.dtors)

.rel.got
 *(.rel.got)

.rela.got
 *(.rela.got)

.rel.sdata
 *(.rel.sdata .rel.sdata.* .rel.gnu.linkonce.s.*)

.rela.sdata
 *(.rela.sdata .rela.sdata.* .rela.gnu.linkonce.s.*)

.rel.sbss
 *(.rel.sbss .rel.sbss.* .rel.gnu.linkonce.sb.*)

.rela.sbss
 *(.rela.sbss .rela.sbss.* .rela.gnu.linkonce.sb.*)

.rel.sdata2
 *(.rel.sdata2 .rel.sdata2.* .rel.gnu.linkonce.s2.*)

.rela.sdata2
 *(.rela.sdata2 .rela.sdata2.* .rela.gnu.linkonce.s2.*)

.rel.sbss2
 *(.rel.sbss2 .rel.sbss2.* .rel.gnu.linkonce.sb2.*)

.rela.sbss2
 *(.rela.sbss2 .rela.sbss2.* .rela.gnu.linkonce.sb2.*)

.rel.bss
 *(.rel.bss .rel.bss.* .rel.gnu.linkonce.b.*)

.rela.bss
 *(.rela.bss .rela.bss.* .rela.gnu.linkonce.b.*)

.rel.plt
 *(.rel.plt)

.rela.plt
 *(.rela.plt)

.init           0x0000000008900018       0x24
 *(.init)
 .init          0x0000000008900018        0x8 c:/pspsdk/bin/../lib/gcc/psp/4.3.5/crti.o
                0x0000000008900018                _init
 .init          0x0000000008900020        0x8 c:/pspsdk/bin/../lib/gcc/psp/4.3.5/crtbegin.o
 .init          0x0000000008900028        0x8 c:/pspsdk/bin/../lib/gcc/psp/4.3.5/crtend.o
 .init          0x0000000008900030        0xc c:/pspsdk/bin/../lib/gcc/psp/4.3.5/crtn.o

.plt
 *(.plt)

.text           0x000000000890003c   0x12841c
                0x000000000890003c                _ftext = .
 *(.text .stub .text.* .gnu.linkonce.t.*)
 .text          0x000000000890003c      0x1ec c:/pspsdk/bin/../lib/gcc/psp/4.3.5/../../../../psp/lib/crt0.o
                0x000000000890003c                _start
                0x0000000008900180                _main
 .text          0x0000000008900228      0x140 c:/pspsdk/bin/../lib/gcc/psp/4.3.5/crtbegin.o
 .text          0x0000000008900368     0x28cc gbcore/apu.o
                0x0000000008900454                apu_get_stat_gen
                0x0000000008901274                snd_render
                0x0000000008900440                apu_update
                0x0000000008900fc4                snd_get_lowpass
                0x0000000008900bc0                snd_noi_produce
                0x00000000089010c0                snd_reset
                0x0000000008900d28                snd_update
                0x00000000089004a8                snd_get_enable
                0x0000000008900fb8                snd_set_lowpass
                0x0000000008900448                apu_get_stat_cpu
                0x00000000089004bc                snd_process
                0x0000000008901d70                snd_render_orig
                0x0000000008900494                snd_set_enable
                0x0000000008900ab0                snd_wav_produce
                0x0000000008900fd0                apu_write
                0x0000000008900a08                snd_sq2_produce
                0x0000000008902a5c                apu_init
                0x000000000890046c                snd_init
                0x00000000089028a8                apu_reset
                0x0000000008900368                apu_read
                0x0000000008900460                apu_get_mem
                0x0000000008900960                snd_sq1_produce
 .text          0x0000000008902c34      0xa30 gbcore/cheat.o
                0x000000000890302c                cheat_init
                0x0000000008902c80                cheat_write
                0x0000000008902d80                cheat_decreate_cheat_map
                0x0000000008903020                cheat_clear
                0x0000000008903038                cheat_load
                0x0000000008902c34                hex2n
                0x0000000008902e98                cheat_create_cheat_map
 .text          0x0000000008903664     0xf8f8 gbcore/cpu.o
                0x0000000008906074                op_code_cb_case0x15
                0x00000000089074d4                op_code_normal_case0xA0
                0x00000000089057f8                op_code_cb_case0xFF
                0x0000000008905c48                op_code_cb_case0xBD
                0x000000000890c3d4                op_code_normal_case0xC9
                0x000000000890aff8                cpu_read
                0x000000000890794c                op_code_normal_case0xBA
                0x000000000890dfe0                op_code_normal_case0x2A
                0x000000000890fde8                op_code_cb_case0xAE
                0x000000000890568c                op_code_cb_case0xEB
                0x0000000008905bd0                op_code_cb_case0xB7
                0x0000000008905704                op_code_cb_case0xF2
                0x0000000008906bd4                op_code_normal_case0x7D
                0x000000000890bb24                op_code_normal_case0xF6
                0x00000000089084b4                cpu_set_c_regs
                0x0000000008906984                op_code_normal_case0x51
                0x00000000089108d8                op_code_cb_case0x8E
                0x00000000089055b0                op_code_cb_case0xDF
                0x0000000008906dcc                op_code_normal_case0x87
                0x0000000008906a98                op_code_normal_case0x62
                0x0000000008906bf0                op_code_normal_case0xF9
                0x000000000890695c                op_code_normal_case0x4F
                0x000000000890b6a8                op_code_normal_case0x0A
                0x00000000089061a0                op_code_cb_case0x1B
                0x0000000008912390                op_code_cb_case0x7E
                0x000000000890baf0                op_code_normal_case0x06
                0x0000000008905b30                op_code_cb_case0xAD
                0x0000000008905678                op_code_cb_case0xEA
                0x000000000890b67c                op_code_normal_case0x1A
                0x00000000089062c4                op_code_cb_case0x21
                0x0000000008904eb4                op_code_cb_case0x64
                0x000000000890be9c                op_code_normal_case0xEE
                0x0000000008904708                cpu_restore_state_ex
                0x00000000089053e4                op_code_cb_case0xC4
                0x0000000008907c94                op_code_normal_case0x05
                0x000000000890c43c                op_code_normal_case0xD9
                0x0000000008906920                op_code_normal_case0x4B
                0x0000000008906f10                op_code_normal_case0x8B
                0x0000000008906c9c                op_code_normal_case0x82
                0x0000000008906128                op_code_cb_case0x19
                0x0000000008903714                cpu_save_state_ex
                0x0000000008904a08                op_code_cb_case0x4A
                0x000000000890a140                op_code_normal_case0x72
                0x000000000890cacc                op_code_normal_case0x01
                0x000000000890db60                op_code_normal_case0x46
                0x0000000008906a04                op_code_normal_case0x59
                0x000000000890b84c                op_code_cb_case0x56
                0x0000000008905f84                op_code_cb_case0x11
                0x000000000890584c                op_code_cb_case0x83
                0x00000000089054fc                op_code_cb_case0xD4
                0x000000000890545c                op_code_cb_case0xCB
                0x000000000890b730                op_code_normal_case0x66
                0x0000000008910e50                op_code_cb_case0xFE
                0x0000000008908254                op_code_normal_case0x00
                0x00000000089068c8                op_code_normal_case0x45
                0x0000000008908058                op_code_normal_case0x1B
                0x0000000008910360                op_code_cb_case0x9E
                0x0000000008909268                cpu_init
                0x00000000089077d4                op_code_normal_case0xB2
                0x0000000008905ee0                op_code_cb_case0x0D
                0x0000000008907a30                op_code_normal_case0xBD
                0x00000000089071a0                op_code_normal_case0x94
                0x000000000890c598                op_code_normal_case0xCD
                0x0000000008905ba8                op_code_cb_case0xB4
                0x0000000008905978                op_code_cb_case0x94
                0x000000000890563c                op_code_cb_case0xE7
                0x000000000890cc98                op_code_normal_case0xC4
                0x000000000890b930                op_read
                0x000000000890b8e4                op_code_cb_case0x46
                0x0000000008905d0c                op_code_cb_case0x03
                0x0000000008907268                op_code_normal_case0x98
                0x00000000089065d4                op_code_cb_case0x3B
                0x0000000008906550                op_code_cb_case0x38
                0x0000000008905754                op_code_cb_case0xF7
                0x000000000890518c                op_code_cb_case0x74
                0x0000000008904de4                op_code_cb_case0x60
                0x000000000890beec                op_code_normal_case0x16
                0x0000000008904b40                op_code_cb_case0x51
                0x0000000008905434                op_code_cb_case0xC9
                0x0000000008905ddc                op_code_cb_case0x08
                0x000000000890cee4                op_code_normal_case0xC2
                0x00000000089066e8                op_code_cb_case0x32
                0x00000000089051f4                op_code_cb_case0x77
                0x0000000008907b2c                op_code_normal_case0x14
                0x00000000089075a4                op_code_normal_case0xA4
                0x00000000089100a4                op_code_cb_case0xA6
                0x0000000008905928                op_code_cb_case0x90
                0x0000000008905600                op_code_cb_case0xE3
                0x000000000890cf80                op_code_normal_case0xDC
                0x0000000008906934                op_code_normal_case0x4C
                0x0000000008906658                op_code_cb_case0x3F
                0x0000000008906b40                op_code_normal_case0x6C
                0x000000000890b320                op_code_normal_case0xB6
                0x0000000008904b0c                op_code_cb_case0x50
                0x0000000008906a34                op_code_normal_case0x5C
                0x0000000008905f14                op_code_cb_case0x0F
                0x000000000890b898                op_code_cb_case0x4E
                0x0000000008905e78                op_code_cb_case0x0B
                0x0000000008905c20                op_code_cb_case0xBB
                0x0000000008906c04                op_code_normal_case0x80
                0x0000000008905b94                op_code_cb_case0xB3
                0x0000000008907c4c                op_code_normal_case0x3C
                0x000000000890c0f8                op_code_normal_case0xE8
                0x0000000008907724                op_code_normal_case0xAD
                0x000000000890589c                op_code_cb_case0x88
                0x000000000890554c                op_code_cb_case0xD9
                0x0000000008905498                op_code_cb_case0xCF
                0x000000000890b6d4                op_code_normal_case0x7E
                0x0000000008906a84                op_code_normal_case0x61
                0x0000000008906870                op_code_normal_case0x40
                0x0000000008907f64                op_code_normal_case0x29
                0x000000000890825c                op_code_normal_case0xF3
                0x00000000089063e4                op_code_cb_case0x28
                0x0000000008907998                op_code_normal_case0xBB
                0x0000000008904d48                op_code_cb_case0x5C
                0x0000000008907240                op_code_normal_case0x97
                0x0000000008909334                cpu_seri_send
                0x000000000890489c                op_code_cb_case0x42
                0x0000000008908044                op_code_normal_case0x0B
                0x0000000008905020                op_code_cb_case0x6C
                0x00000000089083cc                cpu_set_trace
                0x000000000891061c                op_code_cb_case0x96
                0x0000000008905664                op_code_cb_case0xE9
                0x000000000890be5c                op_code_normal_case0xF0
                0x000000000890993c                op_code_normal_case0xC5
                0x00000000089069f0                op_code_normal_case0x58
                0x0000000008907894                op_code_normal_case0xB7
                0x000000000890a690                op_code_normal_case0x22
                0x0000000008906ac8                op_code_normal_case0x65
                0x0000000008906b54                op_code_normal_case0x6D
                0x00000000089052c4                op_code_cb_case0x7B
                0x0000000008906ac0                op_code_normal_case0x64
                0x0000000008906718                op_code_cb_case0x33
                0x0000000008905228                op_code_cb_case0x78
                0x00000000089113a0                op_code_cb_case0xEE
                0x00000000089059f0                op_code_cb_case0x9B
                0x000000000890d1cc                op_code_normal_case0xCA
                0x00000000089110f8                op_code_cb_case0xF6
                0x0000000008908408                cpu_get_ram_bank
                0x0000000008907f14                op_code_normal_case0x19
                0x0000000008907150                op_code_normal_case0x93
                0x000000000890651c                op_code_cb_case0x2F
                0x000000000890c6ec                op_code_normal_case0x31
                0x0000000008905394                op_code_cb_case0xC0
                0x0000000008906878                op_code_normal_case0x41
                0x0000000008907b74                op_code_normal_case0x1C
                0x00000000089081fc                op_code_normal_case0x2F
                0x00000000089063b4                op_code_cb_case0x27
                0x00000000089058d8                op_code_cb_case0x8B
                0x0000000008905588                op_code_cb_case0xDC
                0x000000000890ce48                op_code_normal_case0xD2
                0x000000000890801c                op_code_normal_case0x23
                0x000000000890ca44                op_code_normal_case0xC0
                0x0000000008907d34                op_code_normal_case0x15
                0x0000000008906970                op_code_normal_case0x50
                0x00000000089047d0                cpu_irq_check
                0x0000000008904bdc                op_code_cb_case0x54
                0x0000000008905158                op_code_cb_case0x73
                0x0000000008909e44                op_code_normal_case0x75
                0x0000000008907ec4                op_code_normal_case0x09
                0x000000000890598c                op_code_cb_case0x95
                0x0000000008905650                op_code_cb_case0xE8
                0x0000000008908008                op_code_normal_case0x13
                0x000000000890b800                op_code_cb_case0x5E
                0x0000000008912978                op_code_normal_case0x86
                0x0000000008905d40                op_code_cb_case0x04
                0x000000000890496c                op_code_cb_case0x47
                0x0000000008906b98                op_code_normal_case0x7A
                0x000000000890ba30                op_code_normal_case0xC6
                0x0000000008905420                op_code_cb_case0xC8
                0x0000000008905c0c                op_code_cb_case0xBA
                0x0000000008905768                op_code_cb_case0xF8
                0x0000000008906eb8                op_code_normal_case0x8A
                0x000000000890c754                op_code_normal_case0xD8
                0x0000000008905a04                op_code_cb_case0x9C
                0x00000000089056c8                op_code_cb_case0xEF
                0x0000000008904fec                op_code_cb_case0x6B
                0x0000000008905ab8                op_code_cb_case0xA7
                0x000000000890593c                op_code_cb_case0x91
                0x0000000008905614                op_code_cb_case0xE4
                0x00000000089064e8                op_code_cb_case0x2D
                0x00000000089079e4                op_code_normal_case0xBC
                0x0000000008911e40                op_code_cb_case0xCE
                0x0000000008906a70                op_code_normal_case0x60
                0x0000000008905f48                op_code_cb_case0x10
                0x0000000008904c10                op_code_cb_case0x55
                0x0000000008909ad8                op_code_normal_case0xCF
                0x000000000890f870                op_code_cb_case0xBE
                0x0000000008906218                op_code_cb_case0x1D
                0x0000000008906748                op_code_cb_case0x34
                0x000000000890525c                op_code_cb_case0x79
                0x0000000008907a9c                op_code_normal_case0x04
                0x0000000008906904                op_code_normal_case0x49
                0x0000000008905be4                op_code_cb_case0xB8
                0x0000000008905718                op_code_cb_case0xF3
                0x0000000008907804                op_code_normal_case0xB3
                0x00000000089067d8                op_code_normal_case0x10
                0x0000000008907434                op_code_normal_case0x9D
                0x0000000008909a00                op_code_normal_case0xEF
                0x0000000008905da8                op_code_cb_case0x07
                0x0000000008904868                op_code_cb_case0x41
                0x0000000008907634                op_code_normal_case0xA8
                0x000000000890b4e0                op_code_normal_case0x8E
                0x0000000008907570                op_code_normal_case0xA3
                0x0000000008906a2c                op_code_normal_case0x5B
                0x000000000890737c                op_code_normal_case0x9B
                0x00000000089057c8                op_code_cb_case0xFC
                0x000000000890f588                op_code_cb_case0x06
                0x00000000089049d4                op_code_cb_case0x49
                0x00000000089097b4                op_code_normal_case0xE5
                0x0000000008905b80                op_code_cb_case0xB2
                0x000000000890c16c                op_code_normal_case0x2E
                0x00000000089068b4                op_code_normal_case0x44
                0x0000000008912b80                op_code_normal_case0xF1
                0x0000000008906ce8                op_code_normal_case0x83
                0x0000000008904d7c                op_code_cb_case0x5D
                0x00000000089078b4                op_code_normal_case0xB8
                0x000000000890e794                op_code_cb_case0x2E
                0x000000000890b700                op_code_normal_case0x6E
                0x0000000008905290                op_code_cb_case0x7A
                0x00000000089093d4                op_code_normal_case0x76
                0x00000000089059c8                op_code_cb_case0x99
                0x000000000890644c                op_code_cb_case0x2A
                0x0000000008905054                op_code_cb_case0x6D
                0x0000000008905a90                op_code_cb_case0xA4
                0x00000000089055d8                op_code_cb_case0xE1
                0x000000000890bda8                op_code_normal_case0x3E
                0x000000000890838c                op_code_normal_case0x1F
                0x00000000089071f0                op_code_normal_case0x95
                0x0000000008907ae4                op_code_normal_case0x0C
                0x00000000089090b0                cpu_reset
                0x0000000008905bbc                op_code_cb_case0xB5
                0x00000000089056dc                op_code_cb_case0xF0
                0x0000000008908f54                cpu_read_direct_ord
                0x0000000008905d74                op_code_cb_case0x05
                0x00000000089049a0                op_code_cb_case0x48
                0x000000000890823c                op_code_normal_case0x37
                0x00000000089053f8                op_code_cb_case0xC5
                0x000000000890c9bc                op_code_normal_case0xC8
                0x0000000008907774                op_code_normal_case0xB0
                0x0000000008906bc0                op_code_normal_case0x7C
                0x0000000008912588                op_code_cb_case0x76
                0x000000000890a040                op_code_normal_case0x73
                0x00000000089066b8                op_code_cb_case0x31
                0x000000000890ac10                cpu_irq_process
                0x0000000008908360                op_code_normal_case0x17
                0x00000000089069dc                op_code_normal_case0x57
                0x0000000008906aac                op_code_normal_case0x63
                0x0000000008907a7c                op_code_normal_case0xBF
                0x000000000890d9a8                op_code_normal_case0x4E
                0x000000000890d6ac                op_code_normal_case0x35
                0x000000000890ea70                op_code_cb_case0x26
                0x0000000008904f84                op_code_cb_case0x69
                0x00000000089058c4                op_code_cb_case0x8A
                0x0000000008905574                op_code_cb_case0xDB
                0x0000000008905acc                op_code_cb_case0xA8
                0x0000000008905950                op_code_cb_case0x92
                0x0000000008905628                op_code_cb_case0xE5
                0x0000000008905914                op_code_cb_case0x8F
                0x000000000890c62c                op_code_normal_case0xC3
                0x0000000008907100                op_code_normal_case0x92
                0x000000000890bf20                op_code_normal_case0xCE
                0x000000000890b174                op_code_normal_case0x34
                0x00000000089083f0                cpu_get_oam
                0x0000000008906af0                op_code_normal_case0x68
                0x000000000890bddc                op_code_normal_case0xDE
                0x00000000089061dc                op_code_cb_case0x1C
                0x000000000890c864                op_code_normal_case0xEA
                0x0000000008907754                op_code_normal_case0xAF
                0x00000000089058b0                op_code_cb_case0x89
                0x0000000008911b98                op_code_cb_case0xD6
                0x0000000008905874                op_code_cb_case0x85
                0x00000000089060ec                op_code_cb_case0x18
                0x00000000089098e4                op_code_normal_case0xD5
                0x000000000890a548                op_code_normal_case0x32
                0x0000000008905b1c                op_code_cb_case0xAC
                0x00000000089064b4                op_code_cb_case0x2C
                0x0000000008905088                op_code_cb_case0x6F
                0x0000000008906418                op_code_cb_case0x29
                0x0000000008906294                op_code_cb_case0x20
                0x0000000008904e80                op_code_cb_case0x63
                0x0000000008905fc0                op_code_cb_case0x12
                0x0000000008904c44                op_code_cb_case0x57
                0x0000000008908094                op_code_normal_case0x27
                0x0000000008909c44                op_code_normal_case0x02
                0x00000000089095e8                cpu_write
                0x0000000008905810                op_code_cb_case0x80
                0x00000000089054c0                op_code_cb_case0xD1
                0x000000000890bf98                op_code_normal_case0xF8
                0x00000000089050f0                op_code_cb_case0x71
                0x0000000008903748                _memcpy4x
                0x00000000089068dc                op_code_normal_case0x47
                0x000000000890657c                op_code_cb_case0x39
                0x0000000008911648                op_code_cb_case0xE6
                0x0000000008905ae0                op_code_cb_case0xA9
                0x0000000008905964                op_code_cb_case0x93
                0x0000000008904e18                op_code_cb_case0x61
                0x0000000008907060                op_code_normal_case0x90
                0x000000000890b7b4                op_code_cb_case0x66
                0x0000000008906324                op_code_cb_case0x23
                0x0000000008906b2c                op_code_normal_case0x6B
                0x0000000008907864                op_code_normal_case0xB5
                0x000000000890b3fc                op_code_normal_case0x9E
                0x000000000890c1a0                op_code_normal_case0x0E
                0x00000000089077a4                op_code_normal_case0xB1
                0x00000000089065a8                op_code_cb_case0x3A
                0x0000000008905360                op_code_cb_case0x7F
                0x0000000008906a48                op_code_normal_case0x5D
                0x000000000890b994                op_code_normal_case0xCB
                0x0000000008906b84                op_code_normal_case0x79
                0x0000000008905560                op_code_cb_case0xDA
                0x00000000089075d8                op_code_normal_case0xA5
                0x0000000008906f68                op_code_normal_case0x8C
                0x0000000008907018                op_code_normal_case0x8F
                0x0000000008904ce0                op_code_cb_case0x5A
                0x000000000890b2b8                op_code_normal_case0xBE
                0x0000000008905470                op_code_cb_case0xCC
                0x0000000008906164                op_code_cb_case0x1A
                0x0000000008905448                op_code_cb_case0xCA
                0x0000000008904db0                op_code_cb_case0x5F
                0x00000000089057b0                op_code_cb_case0xFB
                0x00000000089120e8                op_code_cb_case0xC6
                0x000000000890ba9c                op_code_normal_case0xE6
                0x00000000089053bc                op_code_cb_case0xC2
                0x000000000890a340                op_code_normal_case0x70
                0x000000000890806c                op_code_normal_case0x2B
                0x00000000089059a0                op_code_cb_case0x97
                0x0000000008905a18                op_code_cb_case0x9D
                0x0000000008905eac                op_code_cb_case0x0C
                0x0000000008904ad8                op_code_cb_case0x4F
                0x0000000008906b70                op_code_normal_case0x78
                0x000000000890c7dc                op_code_normal_case0xD0
                0x0000000008906e60                op_code_normal_case0x89
                0x0000000008907490                op_code_normal_case0x9F
                0x000000000890d0f4                op_code_normal_case0xCC
                0x0000000008904a3c                op_code_cb_case0x4B
                0x000000000890bc1c                op_code_normal_case0xE0
                0x0000000008908e94                cpu_write_direct
                0x0000000008906688                op_code_cb_case0x30
                0x00000000089051c0                op_code_cb_case0x75
                0x0000000008908220                op_code_normal_case0x3F
                0x000000000890b788                op_code_normal_case0x56
                0x0000000008905888                op_code_cb_case0x87
                0x0000000008905538                op_code_cb_case0xD8
                0x00000000089069c8                op_code_normal_case0x55
                0x000000000890bba8                op_code_normal_case0xD6
                0x0000000008907fa4                op_code_normal_case0x39
                0x00000000089083e4                cpu_get_ram
                0x000000000890cbc0                op_code_normal_case0x11
                0x000000000890de04                op_code_normal_case0x3A
                0x000000000890980c                op_code_normal_case0xE7
                0x0000000008908310                op_code_normal_case0x07
                0x0000000008907ce4                op_code_normal_case0x0D
                0x000000000890a7d8                writew
                0x0000000008906c50                op_code_normal_case0x81
                0x000000000890b75c                op_code_normal_case0x5E
                0x0000000008905a7c                op_code_cb_case0xA3
                0x00000000089055c4                op_code_cb_case0xE0
                0x000000000890b3b0                op_code_normal_case0xA6
                0x0000000008904d14                op_code_cb_case0x5B
                0x00000000089070b0                op_code_normal_case0x91
                0x000000000890b948                readw
                0x0000000008905cd8                op_code_cb_case0x02
                0x0000000008904938                op_code_cb_case0x45
                0x00000000089057e0                op_code_cb_case0xFD
                0x0000000008906adc                op_code_normal_case0x67
                0x0000000008905c34                op_code_cb_case0xBC
                0x000000000890688c                op_code_normal_case0x42
                0x0000000008907c04                op_code_normal_case0x2C
                0x00000000089069a0                op_code_normal_case0x53
                0x00000000089096e0                op_code_normal_case0xFF
                0x000000000890e4dc                op_code_cb_case0x3E
                0x000000000890b550                op_code_normal_case0xE1
                0x0000000008907508                op_code_normal_case0xA1
                0x000000000890e1bc                op_code_cb_case0x36
                0x00000000089059dc                op_code_cb_case0x9A
                0x00000000089056b4                op_code_cb_case0xED
                0x0000000008909b44                op_code_normal_case0x12
                0x000000000890b618                op_code_normal_case0xC1
                0x0000000008908430                cpu_get_clock
                0x00000000089076f4                op_code_normal_case0xAC
                0x000000000890bb74                op_code_normal_case0x26
                0x00000000089053d0                op_code_cb_case0xC3
                0x000000000890cc28                op_code_normal_case0xFA
                0x0000000008905c70                op_code_cb_case0x00
                0x00000000089048d0                op_code_cb_case0x43
                0x00000000089050bc                op_code_cb_case0x70
                0x000000000890d058                op_code_normal_case0xDA
                0x0000000008910b94                op_code_cb_case0x86
                0x0000000008908454                cpu_get_c_regs
                0x0000000008905524                op_code_cb_case0xD7
                0x0000000008905e44                op_code_cb_case0x0A
                0x0000000008904aa4                op_code_cb_case0x4D
                0x0000000008904834                op_code_cb_case0x40
                0x0000000008905740                op_code_cb_case0xF5
                0x0000000008909a6c                op_code_normal_case0xD7
                0x0000000008905b58                op_code_cb_case0xB0
                0x00000000089118f0                op_code_cb_case0xDE
                0x0000000008905900                op_code_cb_case0x8D
                0x0000000008905ffc                op_code_cb_case0x13
                0x0000000008904c78                op_code_cb_case0x58
                0x0000000008907dd4                op_code_normal_case0x25
                0x00000000089060b0                op_code_cb_case0x17
                0x0000000008905824                op_code_cb_case0x81
                0x00000000089054d4                op_code_cb_case0xD2
                0x0000000008906bac                op_code_normal_case0x7B
                0x0000000008905c5c                op_code_cb_case0xBF
                0x0000000008905798                op_code_cb_case0xFA
                0x000000000890974c                op_code_normal_case0xC7
                0x0000000008905ca4                op_code_cb_case0x01
                0x0000000008904904                op_code_cb_case0x44
                0x00000000089052f8                op_code_cb_case0x7C
                0x0000000008908080                op_code_normal_case0x3B
                0x0000000008906600                op_code_cb_case0x3C
                0x0000000008909994                op_code_normal_case0xF7
                0x0000000008906998                op_code_normal_case0x52
                0x000000000890bd38                op_code_normal_case0xFE
                0x000000000890c684                op_code_normal_case0x21
                0x0000000008906948                op_code_normal_case0x4D
                0x000000000890d268                cpu_exec
                0x000000000890ed48                op_code_cb_case0x1E
                0x000000000890b474                op_code_normal_case0x96
                0x0000000008906254                op_code_cb_case0x1F
                0x000000000890a240                op_code_normal_case0x71
                0x000000000890540c                op_code_cb_case0xC7
                0x0000000008903664                cpu_save_state
                0x0000000008906fc0                op_code_normal_case0x8D
                0x0000000008905af4                op_code_cb_case0xAA
                0x0000000008905b08                op_code_cb_case0xAB
                0x0000000008903774                _memcpy40
                0x0000000008905a40                op_code_cb_case0xA0
                0x0000000008906b18                op_code_normal_case0x6A
                0x00000000089067a8                op_code_cb_case0x37
                0x0000000008907694                op_code_normal_case0xAA
                0x00000000089073d8                op_code_normal_case0x9C
                0x0000000008907664                op_code_normal_case0xA9
                0x00000000089083fc                cpu_get_stack
                0x000000000890b9ec                op_code_normal_case0x18
                0x0000000008904ba8                op_code_cb_case0x53
                0x0000000008904a70                op_code_cb_case0x4C
                0x00000000089053a8                op_code_cb_case0xC1
                0x0000000008908030                op_code_normal_case0x33
                0x000000000890532c                op_code_cb_case0x7D
                0x0000000008909f40                op_code_normal_case0x74
                0x0000000008904fb8                op_code_cb_case0x6A
                0x0000000008907d84                op_code_normal_case0x1D
                0x0000000008906a5c                op_code_normal_case0x5F
                0x0000000008907834                op_code_normal_case0xB4
                0x0000000008906354                op_code_cb_case0x24
                0x0000000008904f1c                op_code_cb_case0x67
                0x00000000089058ec                op_code_cb_case0x8C
                0x000000000890559c                op_code_cb_case0xDD
                0x000000000890760c                op_code_normal_case0xA7
                0x000000000890c534                op_readw
                0x0000000008906d80                op_code_normal_case0x85
                0x000000000890662c                op_code_cb_case0x3D
                0x00000000089054ac                op_code_cb_case0xD0
                0x0000000008907320                op_code_normal_case0x9A
                0x0000000008908448                cpu_get_halt
                0x0000000008906b04                op_code_normal_case0x69
                0x0000000008907e24                op_code_normal_case0x2D
                0x0000000008905b6c                op_code_cb_case0xB1
                0x00000000089072c4                op_code_normal_case0x99
                0x000000000890c254                op_code_normal_case0x20
                0x000000000890843c                cpu_get_speed
                0x000000000890c1d4                op_code_normal_case0x30
                0x000000000890a440                op_code_normal_case0xE2
                0x0000000008907ff4                op_code_normal_case0x03
                0x00000000089068f0                op_code_normal_case0x48
                0x000000000890fb2c                op_code_cb_case0xB6
                0x00000000089056f0                op_code_cb_case0xF1
                0x0000000008905a2c                op_code_cb_case0x9F
                0x000000000890c138                op_code_normal_case0x1E
                0x00000000089062f4                op_code_cb_case0x22
                0x0000000008905a68                op_code_cb_case0xA2
                0x0000000008904ee8                op_code_cb_case0x65
                0x000000000890b5b4                op_code_normal_case0xD1
                0x0000000008906038                op_code_cb_case0x14
                0x0000000008904cac                op_code_cb_case0x59
                0x000000000890c354                op_code_normal_case0x28
                0x0000000008905780                op_code_cb_case0xF9
                0x0000000008908334                op_code_normal_case0x0F
                0x0000000008908414                cpu_set_ram_bank
                0x0000000008904e4c                op_code_cb_case0x62
                0x000000000890b368                op_code_normal_case0xAE
                0x0000000008905a54                op_code_cb_case0xA1
                0x0000000008907e74                op_code_normal_case0x3D
                0x0000000008906d34                op_code_normal_case0x84
                0x0000000008907bbc                op_code_normal_case0x24
                0x000000000890cd70                op_code_normal_case0xD4
                0x0000000008904678                cpu_restore_state
                0x0000000008909878                op_code_normal_case0xDF
                0x0000000008906778                op_code_cb_case0x35
                0x0000000008905b44                op_code_cb_case0xAF
                0x00000000089056a0                op_code_cb_case0xEC
                0x000000000890473c                cpu_irq
                0x000000000890cb34                op_code_normal_case0x08
                0x0000000008905bf8                op_code_cb_case0xB9
                0x000000000890572c                op_code_cb_case0xF4
                0x0000000008909d44                op_code_normal_case0x77
                0x00000000089083d8                cpu_get_vram
                0x0000000008906a18                op_code_normal_case0x5A
                0x0000000008905838                op_code_cb_case0x82
                0x00000000089054e8                op_code_cb_case0xD3
                0x0000000008905e10                op_code_cb_case0x09
                0x000000000890690c                op_code_normal_case0x4A
                0x00000000089068a0                op_code_normal_case0x43
                0x00000000089076c4                op_code_normal_case0xAB
                0x00000000089059b4                op_code_cb_case0x98
                0x000000000890f2b8                op_code_cb_case0x0E
                0x0000000008906384                op_code_cb_case0x25
                0x0000000008904f50                op_code_cb_case0x68
                0x0000000008908d04                cpu_write_direct_ord
                0x0000000008905484                op_code_cb_case0xCD
                0x000000000890c2d4                op_code_normal_case0x38
                0x000000000890753c                op_code_normal_case0xA2
                0x000000000890dd18                op_code_normal_case0xF2
                0x000000000890a9b4                op_code_normal_case0xF5
                0x00000000089083b8                op_code_normal_case0xE9
                0x0000000008905aa4                op_code_cb_case0xA5
                0x00000000089055ec                op_code_cb_case0xE2
                0x00000000089069b4                op_code_normal_case0x54
                0x000000000890f000                op_code_cb_case0x16
                0x0000000008906b5c                op_code_normal_case0x6F
                0x0000000008905860                op_code_cb_case0x84
                0x0000000008905510                op_code_cb_case0xD5
                0x0000000008907900                op_code_normal_case0xB9
                0x0000000008904b74                op_code_cb_case0x52
                0x000000000890bfdc                op_code_normal_case0x36
                0x00000000089082b8                op_code_normal_case0xFB
                0x0000000008906be8                op_code_normal_case0x7F
                0x0000000008905124                op_code_cb_case0x72
                0x0000000008912780                op_code_cb_case0x6E
                0x0000000008906480                op_code_cb_case0x2B
                0x0000000008906e08                op_code_normal_case0x88
 .text          0x0000000008912f5c     0x41fc gbcore/gb.o
                0x000000000891305c                gb_run
                0x00000000089170dc                gb_init
                0x00000000089134d4                gb_restore_state
                0x0000000008912f84                gb_unhook_extport
                0x0000000008912f90                gb_set_skip
                0x0000000008912f98                gb_refresh_pal
                0x00000000089134c0                gb_fill_vframe
                0x00000000089151cc                gb_save_state
                0x0000000008912fa0                exiting_lcdc
                0x0000000008912f5c                gb_hook_extport
                0x0000000008917008                gb_reset
 .text          0x0000000008917158     0x38bc gbcore/lcd.o
                0x0000000008917298                set_ztbl
                0x0000000008917d74                sgb_invalidate_color
                0x0000000008917d38                lcd_get_pal
                0x0000000008919108                lcd_bg_render_colored
                0x0000000008917d28                lcd_clear_win_count
                0x0000000008917d98                sgb_set_color
                0x0000000008919d64                lcd_win_render
                0x0000000008917368                lcd_sprite_render
                0x0000000008917dec                gb_invalidate_all_colors
                0x0000000008918478                tilePalReinit
                0x0000000008917198                dattrans2n
                0x0000000008918c80                lcd_bg_render
                0x0000000008917d4c                gbc_invalidate_color
                0x0000000008917184                lcd_get_enable
                0x0000000008918398                tileMapGetVramChecksum
                0x0000000008918628                lcd_init
                0x0000000008917dcc                gb_invalidate_palette
                0x0000000008917158                lcd_set_mpal
                0x0000000008917164                lcd_get_mpal
                0x000000000891a0f8                lcd_render
                0x00000000089178b4                lcd_sprite_render_color
                0x00000000089184c0                lcd_reset
                0x00000000089187c4                lcd_bg_render_color
                0x0000000008917f30                lcd_sprite_render_colored
                0x0000000008917170                lcd_set_enable
                0x0000000008919994                lcd_win_render_colored
                0x00000000089195e8                lcd_win_render_color
                0x0000000008918434                tilePalInit
 .text          0x000000000891aa14     0x1998 gbcore/mbc.o
                0x000000000891ab60                mbc_get_state
                0x000000000891bf7c                mbc_reset
                0x000000000891af98                mbc_mbc7_write
                0x000000000891af50                mbc_mbc2_write
                0x000000000891b368                mbc_mmm01_write
                0x000000000891b724                mbc_mbc3_write
                0x000000000891bdac                mbc_ext_read
                0x000000000891c194                mbc_init
                0x000000000891b900                mbc_ext_write
                0x000000000891aa1c                mbc_set_write
                0x000000000891ad54                mbc_set_page
                0x000000000891ac74                mbc_set_state
                0x000000000891b598                mbc_mbc5_write
                0x000000000891aa14                mbc_read
                0x000000000891ad88                mbc_nop
                0x000000000891b360                mbc_tama5_write
                0x000000000891ad90                mbc_mbc1_write
                0x000000000891b080                mbc_huc1_write
                0x000000000891b264                mbc_huc3_write
 .text          0x000000000891c3ac      0x25c gbcore/rom.o
                0x000000000891c42c                rom_set_first
                0x000000000891c420                rom_get_loaded
                0x000000000891c448                rom_load_rom
                0x000000000891c3fc                rom_get_sram_size
                0x000000000891c3ac                rom_init
                0x000000000891c3c8                rom_has_battery
 .text          0x000000000891c608     0xa458 gbcore/sgb.o
                0x000000000892686c                sgb_sound_transfer
                0x0000000008922dd0                sgb_pct_trn
                0x000000000891eee4                sgb_setATF
                0x000000000891ef70                sgb_reset
                0x0000000008926348                sgb_execute_command
                0x000000000891f20c                sgb_render_screen
                0x0000000008920f1c                set_palette
                0x000000000891ddfc                sgb_multiplayer_req
                0x00000000089248a0                sgb_chr_trn
                0x000000000891f204                sgb_init
                0x000000000891c608                sgb_draw_border_tile
                0x000000000891e7f0                sgb_attribute_line
                0x000000000891de94                sgb_attribute_block
                0x000000000891f400                copy_palette
                0x000000000891e9a4                sgb_attribute_divide
                0x0000000008926598                sgb_transfer
                0x000000000891f6d0                sgb_render_border
                0x0000000008922ba4                init_mem_palette
                0x000000000891e6f4                sgb_SetRowPalette
                0x000000000891dde8                sgb_reset_state
                0x000000000891e6b4                sgb_SetColumnPalette
                0x000000000891ed54                sgb_attribute_character
                0x0000000008922968                sgb_set_ATFlist
 .text          0x0000000008926a60    0x1f780 cpu/z80.o
                0x000000000893ba60                z80_get_elapsed_cycles
                0x000000000893b7f4                z80_get_cycle_table
                0x000000000893ba9c                z80_exit
                0x000000000893b734                z80_get_context
                0x00000000089447e8                z80_set_irq_line
                0x000000000893baf0                z80_reset
                0x000000000893ba48                z80_set_irq_callback
                0x000000000893b840                z80_get_reg
                0x000000000893ba54                z80_reset_cycle_count
                0x0000000008942724                z80_execute
                0x000000000893bbf8                z80_init
                0x000000000893b81c                z80_set_cycle_table
                0x0000000008944964                z80_set_reg
                0x000000000893b794                z80_set_context
                0x000000000893b6b4                z80_burn
 .text          0x00000000089461e0      0x584 memz80.o
                0x0000000008946444                z80_read_unmapped
                0x0000000008946330                smsj_port_w
                0x0000000008946708                sms_port_r
                0x00000000089463d8                sms_port_w
                0x000000000894652c                ggms_port_r
                0x00000000089462b0                gg_port_w
                0x000000000894664c                smsj_port_r
                0x00000000089465b4                gg_port_r
                0x00000000089464a8                md_port_r
                0x00000000089461ec                md_port_w
                0x0000000008946244                ggms_port_w
                0x00000000089461e0                memctrl_w
 .text          0x0000000008946764      0x5d4 pio.o
                0x00000000089468e4                ioctrl_w
                0x0000000008946924                sio_r
                0x0000000008946a8c                sio_w
                0x0000000008946874                pio_reset
                0x0000000008946764                pio_init
                0x000000000894691c                device_r
                0x00000000089468c8                system_assign_device
                0x0000000008946afc                input_r
                0x00000000089468c0                pio_shutdown
 .text          0x0000000008946d38      0xacc vdp.o
                0x0000000008947068                vdp_reg_w
                0x0000000008946d40                viewport_check
                0x0000000008946fb8                vdp_read
                0x0000000008947134                tms_write
                0x0000000008947744                vdp_reset
                0x0000000008947260                md_vdp_write
                0x00000000089473d8                gg_vdp_write
                0x0000000008946d38                vdp_shutdown
                0x00000000089475a8                vdp_write
                0x0000000008946eec                vdp_counter_r
                0x00000000089477fc                vdp_init
 .text          0x0000000008947804     0x10e8 render.o
                0x0000000008948318                palette_sync
                0x00000000089480fc                update_bg_pattern_cache
                0x00000000089484a0                render_line
                0x00000000089478ac                render_bg_sms
                0x0000000008947c0c                render_obj_sms_nospritelimit
                0x0000000008947870                render_shutdown
                0x0000000008947e68                render_obj_sms
                0x0000000008947878                pspSetObjRenderingRoutine
                0x000000000894875c                render_init
                0x0000000008947804                set_tms_palette
                0x000000000894829c                remap_8_to_16
                0x0000000008948664                render_reset
 .text          0x00000000089488ec      0x68c sms.o
                0x0000000008948b28                writemem_mapper_codies
                0x0000000008948ba8                writemem_mapper_sega
                0x000000000894891c                sms_mapper_w
                0x0000000008948d3c                sms_init
                0x0000000008948bec                sms_irq_callback
                0x0000000008948914                sms_shutdown
                0x0000000008948bf4                sms_reset
                0x00000000089488ec                writemem_mapper_none
 .text          0x0000000008948f78      0x33c system.o
                0x0000000008949038                system_init
                0x0000000008948ffc                system_shutdown
                0x0000000008948ff4                system_poweron
                0x0000000008949084                system_frame
                0x0000000008948f78                system_reset
 .text          0x00000000089492b4      0x910 sound/sound.o
                0x00000000089496dc                sound_shutdown
                0x0000000008949368                stream_update
                0x00000000089496a8                sound_reset
                0x00000000089493f4                sound_update
                0x0000000008949500                sound_update_ex
                0x0000000008949388                fmunit_write
                0x00000000089497a8                sound_init
                0x0000000008949308                sound_mixer_callback
                0x000000000894937c                fmunit_detect_w
                0x00000000089495fc                sound_update_gb
                0x0000000008949b94                sound_change
                0x00000000089493b4                psg_write
                0x0000000008949370                fmunit_detect_r
                0x00000000089493d4                psg_stereo_w
                0x00000000089492b4                mix
 .text          0x0000000008949bc4      0xbac sound/sn76489.o
                0x0000000008949e10                SN76489_Update
                0x0000000008949cc0                SN76489_GetContextSize
                0x000000000894a5ec                SN76489_SetContext
                0x0000000008949c78                SN76489_Config
                0x0000000008949df0                SN76489_GGStereoWrite
                0x000000000894a68c                SN76489_Init
                0x0000000008949ca4                SN76489_GetContextPtr
                0x0000000008949c70                SN76489_Shutdown
                0x0000000008949cc8                SN76489_Write
                0x0000000008949bc4                SN76489_Reset
                0x000000000894a54c                SN76489_GetContext
 .text          0x000000000894a770     0xda0c sound/emu2413.o
                0x0000000008951b34                OPLL_new
                0x000000000894a9a8                OPLL_setClock
                0x000000000894beb0                OPLL_setMask
                0x000000000894a770                dump2patch
                0x000000000894bf3c                OPLL_reset_patch
                0x00000000089557c8                OPLL_calc
                0x0000000008951b18                OPLL_write
                0x000000000894bef0                OPLL_copyPatch
                0x0000000008951204                OPLL_reset
                0x000000000894c124                OPLL_forceRefresh
                0x000000000894cc7c                OPLL_writeReg
                0x000000000894bea8                OPLL_close
                0x0000000008951ae4                OPLL_writeIO
                0x000000000894c324                OPLL_init
                0x000000000894becc                OPLL_toggleMask
                0x000000000894bfcc                OPLL_delete
                0x00000000089529e8                OPLL_update
 .text          0x000000000895817c     0x3c0c sound/ym2413.o
                0x0000000008958a2c                YM2413UpdateOne
                0x00000000089581cc                YM2413Shutdown
                0x000000000895817c                YM2413Read
                0x00000000089581ac                YM2413SetUpdateHandler
                0x000000000895b4ac                YM2413Init
                0x000000000895bc98                YM2413ResetChip
                0x000000000895bc18                YM2413Write
 .text          0x000000000895bd88     0x19f4 sound/fmintf.o
                0x000000000895be70                FM_Update
                0x000000000895bd9c                FM_GetContext
                0x000000000895bf88                FM_Init
                0x000000000895bd90                FM_GetContextPtr
                0x000000000895bd88                FM_GetContextSize
                0x000000000895bf1c                FM_Shutdown
                0x000000000895bdf4                FM_Write
                0x000000000895c120                FM_SetContext
                0x000000000895beb4                FM_Reset
                0x000000000895c020                FM_WriteReg
 .text          0x000000000895d77c      0x7a4 psp/gameboy_render.o
                0x000000000895dbe8                gbe_getTime
                0x000000000895d844                set_gb_type
                0x000000000895d77c                gbe_reset
                0x000000000895d80c                gbe_refresh
                0x000000000895d7c4                gbe_setBibrate
                0x000000000895da0c                gbe_setTime
                0x000000000895dd3c                gbe_updatePad
                0x000000000895d7cc                gbe_getSensor
                0x000000000895d79c                gbe_init
                0x000000000895d7f4                renderer_get_timer_state
                0x000000000895d800                renderer_set_timer_state
 .text          0x000000000895df20     0x1a8c psp/VideoGu.o
                0x000000000895e40c                VideoGuScreenClear
                0x000000000895f928                VideoGuUpdate
                0x000000000895e994                MAKE_COLOR
                0x000000000895ed3c                pspScaleImage_core
                0x000000000895f480                VideoGuUpdate_Core
                0x000000000895e458                DisplayBenchmark
                0x000000000895e318                RecolorPalette
                0x000000000895e568                VideoGuTerm
                0x000000000895e570                VideoGuInit
                0x000000000895e068                HSLToRGB
                0x000000000895e628                RecolorPaletteVibrance
                0x000000000895e1a0                RecolorPaletteGray
                0x000000000895df20                RGBToHSL
 .text          0x000000000895f9ac      0x2b0 psp/Controls.o
                0x000000000895f9b4                MiscUpdate
                0x000000000895f9ac                ControlsTerm
                0x000000000895fc3c                ControlsInit
                0x000000000895f9bc                ControlsUpdate
                0x000000000895fbc0                ControlsShowMenu
 .text          0x000000000895fc5c      0x940 psp/PspSound.o
                0x000000000895fc84                SoundUpdate
                0x000000000895fc5c                SoundTerm
                0x000000000895fd40                SoundResample
                0x000000000895fd34                SoundResume
                0x000000000895fd24                SoundPause
                0x000000000895fdd4                AudioGet
                0x00000000089603f4                SoundWaitTerm
                0x000000000896046c                SoundInit
 .text          0x000000000896059c     0x13c4 psp/SMS.o
                0x0000000008961380                MenuPlusAction
                0x0000000008961328                machine_frame
                0x0000000008961278                machine_poweroff
                0x0000000008960e54                gb_save_sram
                0x000000000896059c                SmsInit
                0x00000000089605ac                gb_doFrame
                0x0000000008960f00                machine_manage_sram
                0x00000000089605d8                machine_reset
                0x0000000008961298                SmsTerm
                0x0000000008960640                MenuOptionsConfigure
                0x0000000008960dc0                gb_load_sram
                0x0000000008961458                SmsEmulate
 .text          0x0000000008961960       0x94 psp/main.o
                0x0000000008961960                main
 .text          0x00000000089619f4     0xefc4 psp/menuplus.o
                0x000000000896cb7c                fctMainVideoCountry
                0x0000000008963f4c                LoadDefaultMachineConfig
                0x000000000896f438                menuPlusShowMenu
                0x000000000896cacc                fctMainSoundStereo
                0x000000000896cbac                MessageBoxTemp
                0x0000000008966dfc                pspLoadState
                0x000000000896cb2c                fctMainVideoVSync
                0x00000000089655d0                FctImgBack
                0x00000000089629d4                menuSetStatusBarMessageIndirect
                0x000000000896836c                fctMsgBoxSaveConfig_Handle
                0x0000000008964c80                fctMainFileSram
                0x000000000896f188                HandleBackground
                0x0000000008967218                RangeSetSubMenuValueInt
                0x000000000896c950                fctMainVideoVibrance
                0x0000000008961e84                adapteAnglef
                0x000000000896c990                fctMainFileSramAutosave
                0x0000000008961ed4                menuGetMenuKeys
                0x0000000008962a84                HandleSubMenu
                0x0000000008962118                GetJustFileName
                0x000000000896ce6c                fctMainFileStateDelete
                0x00000000089685f8                DrawWindow
                0x000000000896cabc                fctMainSoundBoost
                0x00000000089624c8                fctMainCtrlAnalogCalibration
                0x000000000896c3ec                MessageBoxEx
                0x00000000089625f4                SubMenuItemPositionSelected
                0x0000000008962524                fctMenuMainSound
                0x000000000896564c                menuSoundShowDisplay
                0x00000000089663a4                DrawWindowBox
                0x0000000008961a30                safe_strcat
                0x000000000896216c                safe_strcpy_offset
                0x000000000896caec                fctMainSoundEnabled
                0x0000000008961ff8                menuGetMenuKey
                0x0000000008961d34                GetStringWidth
                0x0000000008962a38                CloseSubMenu
                0x0000000008965984                DrawHint
                0x00000000089626e4                CreateDigitsFromStr
                0x000000000896505c                machine_load_state
                0x000000000896d490                fctMenuMainFile
                0x00000000089620b8                menuHandleStatusMessage
                0x000000000896c930                fctMenuMainVideoRenderLeftBar
                0x0000000008962054                menuDisplayStatusMessage
                0x0000000008962514                fctMsgBoxAbout_Close
                0x0000000008962838                SelectSubMenu
                0x000000000896c9e0                fctMainCtrlAnalogToDPad
                0x000000000896c9c0                fctMainCtrlRedefineAutofireRate
                0x00000000089639e0                menuStandardVblank
                0x00000000089669f4                menuDrawIcons
                0x0000000008968534                DrawChoice
                0x000000000896cb6c                fctMainVideoScaling
                0x0000000008966f5c                DoesSlotExists
                0x000000000896639c                MyDrawGradientRect
                0x000000000896c920                fctMenuMainVideoRenderSpriteLimit
                0x0000000008962534                GetSubMenuItemByInt
                0x0000000008963e4c                SetSubMenuItemValueByInt
                0x00000000089629a4                menuSetStatusBarMessageDirect
                0x0000000008965ad4                DrawBackground
                0x000000000896d1c4                menuTakeScreenshot
                0x0000000008965300                FctImgNumbers
                0x0000000008963928                fctMsgBoxSaveConfig_Close
                0x000000000896c9f0                fctMainFileStateLoad
                0x000000000896c970                fctMenuMainFileMusicRepeat
                0x00000000089637a8                InitChoice
                0x0000000008967480                HandleWindow
                0x0000000008963fc0                LoadUserDefaultConfig
                0x000000000896eb20                ShowMenuJoystickCalibration
                0x0000000008964800                DrawDigitScroll
                0x000000000896bc90                MyReadKeys
                0x00000000089640c0                SaveUserDefaultConfig
                0x00000000089637e8                HandleChoice
                0x0000000008963750                HandleHint
                0x0000000008963988                mySetScreenClipping
                0x000000000896563c                MyDrawRect
                0x0000000008961d70                mod
                0x0000000008964f50                makeDir
                0x0000000008965484                FctFtStandard
                0x000000000896c69c                GestionEventStandardInt
                0x00000000089625e4                SelectSubMenuItemPosition
                0x00000000089641a4                fctMsgBoxAbout_Handle
                0x0000000008965644                MyDrawFillRect
                0x0000000008963848                CloseWindow
                0x00000000089654f0                loadBackgroundImage
                0x0000000008962580                SelectSubMenuItemPositionByValueInt
                0x000000000896de8c                menuRedefineGetNewKey
                0x0000000008967410                fctMsgBoxTemp_Handle
                0x000000000896cb4c                fctMainVideoFrameskip
                0x000000000896c910                fctMenuMainVideoSyncMode
                0x000000000896caac                fctMainSoundTurboSound
                0x0000000008965130                CheckFichierPalette
                0x000000000896bac8                fctMsgBoxReloadConfig
                0x0000000008961cec                PushAlpha
                0x0000000008964cb0                CreeImageBord
                0x00000000089638a0                MessageBox_DefineButtons
                0x000000000896c8e0                fctMainSmsTweakZ80
                0x0000000008961d98                mod_f
                0x000000000896693c                menuDrawImageSmallFloat
                0x00000000089666b4                MySetTextColorEx
                0x0000000008963744                InitHint
                0x000000000896cfdc                pspSaveState
                0x0000000008961d10                PopAlpha
                0x00000000089619f4                safe_strcpy
                0x000000000896cb8c                fctMainMiscPspClock
                0x000000000896cb9c                fctMainMiscPspClockNumeric
                0x0000000008963920                fctMsgBoxReloadConfig_Close
                0x00000000089638f4                InitMenus
                0x000000000896c9a0                fctMainCtrlAnalogCalibrationEnabled
                0x000000000896cc94                fctMenuMainMisc
                0x0000000008961a88                GetTextBoxHeight
                0x000000000896dfb8                fctMainCtrlShortcuts
                0x000000000896c8f0                fctMenuMainVideoGBType
                0x00000000089621c4                menuGetKeyName
                0x000000000896cb3c                fctMainVideoFrameskipMax
                0x000000000896c940                fctMenuMainVideoRenderDepth
                0x0000000008961b94                menuKeysAnalogApply
                0x000000000896cadc                fctMainSoundRate
                0x0000000008964f2c                fileExists
                0x000000000896252c                fctMenuMainCtrl
                0x0000000008962610                SubMenuItemPositionCanceled
                0x000000000896538c                FctImgIcons
                0x0000000008964dac                menuLoadFilesMin
                0x000000000896d618                ControlsMenuUpdate
                0x0000000008967000                FillExistingSlots
                0x0000000008967824                DrawSubMenu
                0x00000000089638ec                fctMsgBoxTemp_Close
                0x000000000896dd24                fctMainFileStateSave
                0x0000000008964964                InitConfig
                0x000000000896cb1c                fctMainMiscUIBackground
                0x000000000896c320                MessageBoxAsync
                0x000000000896508c                extractFilePath
                0x00000000089637b8                CloseChoice
                0x0000000008963930                menuDrawStatusMessage
                0x00000000089627cc                GetIntFromDigits
                0x00000000089639a4                mySetScreenClippingEx
                0x000000000896cb5c                fctMainVideoSmoothing
                0x0000000008966c48                pspGetStateNameEx
                0x0000000008962968                fadeInit
                0x0000000008965418                FctFtGlow
                0x000000000896687c                MySetTextColor
                0x000000000896cb0c                fctMainVideoGamma
                0x0000000008967604                menuLoadFiles
                0x000000000896c980                fctMenuMainFileMusicFrequency
                0x00000000089671a8                DestroyWindow
                0x000000000896c900                fctMenuMainVideoGBColorization
                0x0000000008964e74                fctMenuMainVideoGB
                0x000000000896c960                fctMenuMainVideoBrightnessMode
                0x000000000896bfb8                ShowWindow
                0x0000000008961e44                rangeAnglef
                0x0000000008963cb4                SetTurbo
                0x0000000008964fd8                OuvreFichierPalette
                0x0000000008968d98                UpdateMenus
                0x000000000896251c                fctMenuMainState
                0x0000000008968b8c                DrawBackgroundAfter
                0x000000000896cd9c                BatteryWarning
                0x0000000008964eb4                fctMainFileMusic
                0x0000000008964fa8                machine_save_state
                0x00000000089640f8                SaveUserDefaultConfigSpecific
                0x000000000896cafc                fctMainVideoCpuTime
                0x0000000008964008                menuUsbUpdate
                0x000000000896ca9c                fctMainSoundSyncMode
                0x000000000896e610                fctMainCtrlRedefine
                0x0000000008966de4                pspGetStateName
                0x000000000896c9b0                fctMainCtrlAnalogTreshold
                0x0000000008963dfc                fctMainMiscCommands
                0x00000000089624c0                fctMenuMainVideo
                0x000000000896c4b4                fctMsgBoxSaveConfig
                0x000000000896c9d0                fctMainVideoTurboSkip
                0x0000000008964ca8                MyDrawLine
                0x0000000008968450                fctMsgBoxReloadConfig_Handle
                0x000000000896262c                CreateDigitsFromInt
 .text          0x00000000089709b8     0x2d50 psp/menuplus2.o
                0x0000000008970be8                fctPaletteList
                0x00000000089709f8                SJISCopy
                0x0000000008972380                AddToMyPlaces
                0x0000000008971680                SaveMyPlacesFile
                0x0000000008972584                ShowMenuFileSelect
                0x0000000008971854                myPlacesRealloc
                0x0000000008971370                menuFileSelectFillMyPlace
                0x0000000008971180                fctMsgBoxChoice_Handle
                0x0000000008970a98                getSmallFileName
                0x0000000008971264                RemoveMyPlacesEntry
                0x0000000008971ad4                menuFileSelectSortFiles
                0x0000000008970c60                fctMsgBoxChoice
                0x0000000008970af4                fctMsgBoxChoice_Close
                0x0000000008970f94                menuShowPaletteList
                0x0000000008972024                LoadMyPlacesFile
                0x00000000089709b8                fctMenuFileSelect
                0x0000000008970d04                ShowChoiceMsgBoxEx
                0x0000000008971000                ShowChoiceMsgBox
                0x0000000008970b90                InitMyPlacesBase
                0x0000000008971cb4                menuFileSelectFillFiles
                0x0000000008970cc8                fctMsgBoxChoice_Destroy
                0x0000000008970b08                SetMyPlacesEntry
                0x0000000008971924                menuFileItemCompare
                0x00000000089715e4                getExtId
 .text          0x0000000008973708     0x3bb4 psp/config.o
                0x0000000008974fd4                FctColorIt_AddTileRule
                0x0000000008973854                ScriptBegin
                0x0000000008975528                FctGoto
                0x0000000008976f64                ScriptAjouteProcedures
                0x0000000008975640                FctMsgBox
                0x0000000008973a10                GetChaine
                0x0000000008974cd8                FctColorIt_SetPalette
                0x0000000008973b1c                TrouveIdentificateur
                0x000000000897385c                atox
                0x000000000897371c                GetAddedColor
                0x000000000897609c                ExecScript
                0x0000000008974290                ScriptEnd
                0x0000000008975ce4                FctTabMenuColCursor
                0x0000000008973810                getOffsetedAddr
                0x00000000089747e4                GetVariableAddress
                0x0000000008973bac                ScriptError
                0x0000000008973708                FctFin
                0x0000000008974e5c                FctColorIt_AddTileCrc
                0x0000000008975eb0                SetVariableValue
                0x00000000089746e8                ScriptSave
                0x0000000008976c60                OuvreFichierConfig
                0x0000000008976ccc                FctFaire
                0x000000000897529c                FctColorIt_SetTile
                0x0000000008973968                ProchArgEntier
                0x0000000008973be0                GetVariableValue
                0x0000000008973f60                GetEntier
                0x00000000089737b8                strlwrmixcmp
                0x0000000008974190                ScriptAjouteProcedures_Add
                0x0000000008974b18                FctPalette
                0x00000000089738f4                atob
                0x0000000008974298                ScriptSave_Core
                0x0000000008975954                FctColorIt_SetTilesetData
                0x0000000008974798                FctMusicFilename
 .text          0x00000000089772bc       0x60 psp/usb.o
                0x00000000089772bc                oslLoadStartModule
 .text          0x000000000897731c     0x1bd8 psp/sound.o
                0x00000000089773d0                FillBuffer44100(int)
                0x0000000008978848                menuMusicNextTrack
                0x000000000897743c                menuMusicPause
                0x0000000008977b20                StandardSoundProcess
                0x0000000008978070                menuPlayZipSound
                0x0000000008977c50                menuMusicStop
                0x00000000089774ac                ramAvailableLineareMax()
                0x00000000089789c8                menuMusicPlay
                0x0000000008977518                ramAvailable
                0x0000000008978700                MenuSpecialMessageDisplay
                0x000000000897731c                fctMsgBoxSpeaker_Handle(WINDOW*, int)
                0x0000000008977d28                menuPlaySoundEx(CFILE*)
                0x00000000089785d8                fctMsgBoxSpeaker_Close(WINDOW*, int)
                0x0000000008978b1c                menuMusicPrevTrack
                0x000000000897851c                menuStartSound
                0x0000000008977658                gymThread(unsigned int, void*)
                0x0000000008978d34                soundStandardVblank
                0x000000000897838c                menuMusicBrowseTrack(int, int)
                0x0000000008977324                FillBufferArbitrary(int)
 .text          0x0000000008978ef4      0x2d8 fileio.o
                0x0000000008978ff4                loadFromZipByName
                0x0000000008978ef4                getFileNameExtension
                0x0000000008978f8c                check_zip
                0x0000000008978f18                gzsize
 .text          0x00000000089791cc      0x680 state.o
                0x00000000089791cc                system_load_state
                0x00000000089795d8                system_save_state
 .text          0x000000000897984c      0x358 loadrom.o
                0x000000000897984c                load_rom
 .text          0x0000000008979ba4      0x158 unzip/ioapi.o
                0x0000000008979c14                fseek_file_func
                0x0000000008979c84                fread_file_func
                0x0000000008979c0c                fclose_file_func
                0x0000000008979bb0                fill_fopen_filefunc
                0x0000000008979c68                ftell_file_func
                0x0000000008979ba4                ferror_file_func
                0x0000000008979c70                fwrite_file_func
                0x0000000008979c98                fopen_file_func
 .text          0x0000000008979cfc     0x1904 unzip/unzip.o
                0x000000000897b0a0                unzOpenCurrentFilePassword
                0x000000000897a878                unzReadCurrentFile
                0x000000000897a518                unzGoToFilePos
                0x000000000897b4cc                unzLocateFile
                0x000000000897ab54                unzOpenCurrentFile3
                0x000000000897a3d0                unzGoToFirstFile
                0x000000000897b0b4                unzOpenCurrentFile
                0x000000000897b098                unzOpenCurrentFile2
                0x0000000008979f5c                unzGetGlobalInfo
                0x000000000897a5dc                unzGetLocalExtrafield
                0x000000000897a38c                unzGetCurrentFileInfo
                0x000000000897a4e0                unzGetFilePos
                0x000000000897a438                unzGoToNextFile
                0x000000000897a770                unzCloseCurrentFile
                0x000000000897a5b4                unzeof
                0x000000000897a6a8                unzGetGlobalComment
                0x000000000897a590                unztell
                0x000000000897b0c8                unzOpen2
                0x000000000897b424                unzStringFileNameCompare
                0x000000000897a820                unzClose
                0x000000000897b41c                unzOpen
 .text          0x000000000897b600     0x1a98 psp/gym/gym.o
                0x000000000897c08c                CODEC_GYM::input_gym::~input_gym()
                0x000000000897c76c                CODEC_GYM::input_gym::open_file(CFILE*, SONGINFO*, unsigned int)
                0x000000000897bfb8                CODEC_GYM::input_gym::reset()
                0x000000000897bd88                CODEC_GYM::decomp_dac(unsigned char*, unsigned long, unsigned char*, unsigned long)
                0x000000000897b624                CODEC_GYM::input_gym::construct()
                0x000000000897b600                CODEC_GYM::input_gym::set_frequency(int)
                0x000000000897c13c                CODEC_GYM::input_gym::load_ezpk_gym(void*)
                0x000000000897b698                CODEC_GYM::input_gym::input_gym()
                0x000000000897b6e0                CODEC_GYM::input_gym::seek(float)
                0x000000000897bf08                CODEC_GYM::input_gym::~input_gym()
                0x000000000897c684                CODEC_GYM::input_gym::load_zlib_gym(void*)
                0x000000000897b8f8                CODEC_GYM::input_gym::get_samples_pcm(void**, int*, int*, int*, int*)
                0x000000000897bad4                CODEC_GYM::input_gym::calc_gym_time_length(SONGINFO*)
                0x000000000897bd00                CODEC_GYM::input_gym::destruct()
                0x000000000897cd64                CODEC_GYM::input_gym::open(CFILE*, SONGINFO*, unsigned int)
                0x000000000897b650                CODEC_GYM::input_gym::input_gym()
 .text._ZN9CODEC_GYM9input_gym13test_filenameEPKcS2_
                0x000000000897d098       0x28 psp/gym/gym.o
                0x000000000897d098                CODEC_GYM::input_gym::test_filename(char const*, char const*)
 .text._ZN9CODEC_GYM9input_gym19is_our_content_typeEPKcS2_
                0x000000000897d0c0       0x28 psp/gym/gym.o
                0x000000000897d0c0                CODEC_GYM::input_gym::is_our_content_type(char const*, char const*)
 .text._ZN11mem_block_tIhE8set_sizeEi
                0x000000000897d0e8       0x68 psp/gym/gym.o
                0x000000000897d0e8                mem_block_t<unsigned char>::set_size(int)
 .text._ZN8SONGINFO13meta_add_ansiEPcS0_
                0x000000000897d150       0xb4 psp/gym/gym.o
                0x000000000897d150                SONGINFO::meta_add_ansi(char*, char*)
 .text          0x000000000897d204      0x674 psp/gym/gym_play.o
                0x000000000897d290                Write_Sound_Stereo(short*, int)
                0x000000000897d6a0                Start_Play_GYM
                0x000000000897d20c                jump_gym_time_pos
                0x000000000897d348                GYM_Next(unsigned char*, unsigned char*, unsigned int, unsigned int)
                0x000000000897d204                Update_GYM_Dump
                0x000000000897d788                Play_GYM
 .text          0x000000000897d878     0x14f0 psp/gym/psg.o
                0x000000000897e208                PSG_Init
                0x000000000897e100                PSG_Restore_State
                0x000000000897d878                PSG_Update_SIN
                0x000000000897e900                PSG_Special_Update
                0x000000000897dd1c                PSG_Write
                0x000000000897da7c                PSG_Update
                0x000000000897dcc8                PSG_Save_State
 .text          0x000000000897ed68    0x113f8 psp/gym/ym2612.o
                0x0000000008980274                Update_Chan_Algo3
                0x000000000897f100                Env_NULL_Next
                0x000000000897f108                Env_Attack_Next
                0x000000000897ed68                CALC_FINC_SL
                0x0000000008988728                Update_Chan_Algo0_LFO_Int
                0x000000000897f1cc                Env_Release_Next
                0x000000000898c214                YM2612_End
                0x00000000089900d4                YM2612_Restore
                0x000000000897ee48                KEY_ON
                0x00000000089807f8                Update_Chan_Algo4
                0x0000000008987414                Update_Chan_Algo5_Int
                0x0000000008989cc4                Update_Chan_Algo3_LFO_Int
                0x00000000089855c0                Update_Chan_Algo0_Int
                0x00000000089847d8                Update_Chan_Algo6_LFO
                0x000000000898f540                YM2612_Init
                0x0000000008982c98                Update_Chan_Algo2_LFO
                0x0000000008980dbc                Update_Chan_Algo5
                0x00000000089839f0                Update_Chan_Algo4_LFO
                0x000000000897f1e4                Update_Chan_Algo0
                0x0000000008981964                Update_Chan_Algo7
                0x00000000089861c8                Update_Chan_Algo2_Int
                0x000000000897fcf0                Update_Chan_Algo2
                0x000000000898ba8c                Update_Chan_Algo7_LFO_Int
                0x000000000897ef50                CSM_Key_Control
                0x0000000008985bc8                Update_Chan_Algo1_Int
                0x000000000898e0cc                YM2612_Special_Update
                0x000000000898ab74                Update_Chan_Algo5_LFO_Int
                0x000000000898f2d4                YM2612_Reset
                0x000000000897f150                Env_Substain_Next
                0x000000000898e174                YM_SET
                0x000000000898a3f8                Update_Chan_Algo4_LFO_Int
                0x0000000008988e5c                Update_Chan_Algo1_LFO_Int
                0x00000000089867c8                Update_Chan_Algo3_Int
                0x000000000897f76c                Update_Chan_Algo1
                0x0000000008987a78                Update_Chan_Algo6_Int
                0x0000000008989590                Update_Chan_Algo2_LFO_Int
                0x000000000898c21c                YM2612_Read
                0x000000000898eb10                CHANNEL_SET
                0x0000000008984ec8                Update_Chan_Algo7_LFO
                0x000000000898c228                YM2612_Save
                0x00000000089825ec                Update_Chan_Algo1_LFO
                0x0000000008983344                Update_Chan_Algo3_LFO
                0x0000000008986dc8                Update_Chan_Algo4_Int
                0x000000000898b308                Update_Chan_Algo6_LFO_Int
                0x000000000898c710                YM2612_Update
                0x000000000898c3c4                CALC_FINC_CH
                0x0000000008981f38                Update_Chan_Algo0_LFO
                0x000000000897f12c                Env_Decay_Next
                0x0000000008981398                Update_Chan_Algo6
                0x00000000089880cc                Update_Chan_Algo7_Int
                0x00000000089840d8                Update_Chan_Algo5_LFO
                0x000000000898c25c                YM2612_DacAndTimers_Update
                0x000000000898e6f8                SLOT_SET
                0x000000000898f0c0                YM2612_Write
                0x000000000897eec8                KEY_OFF
 .text          0x0000000008990160     0x2ad4 psp/gym/bzlib/blocksort.o
                0x0000000008992a34                BZ2_blockSort
 .text          0x0000000008992c34     0x351c psp/gym/bzlib/bzlib.o
                0x0000000008993220                BZ2_bzerror
                0x0000000008992fa4                BZ2_bzDecompressInit
                0x0000000008995bf4                BZ2_bzwrite
                0x0000000008995f6c                BZ2_bzclose
                0x0000000008993840                BZ2_bzdopen
                0x0000000008993870                BZ2_bzDecompress
                0x00000000089947e8                BZ2_bzBuffToBuffDecompress
                0x00000000089930e0                BZ2_bzDecompressEnd